-----------------------------------------------------------------------------------------------------------------------------------------------------------------------------
      name:  <unnamed>
       log:  C:\Users\User\Downloads\MFin604_Case_1 Group 4.log
  log type:  text
 opened on:  16 Oct 2025, 19:44:32

. 
. import excel "C:\Users\User\Downloads\MFin604 Case 1.xlsx", sheet("Sample Data on Past Sales Leads") firstrow
(12 vars, 1,000 obs)

. 
. 
. * ==============================
. *Question 1
. * ==============================
. 
. *Generate Profit Dollar Amount
. gen ProfitValueinMillion = (Profit/100) * SalesValueinMillion 

. 
. * Summary Stats by Sales
. tabstat ProfitValueinMillion if SalesOutcome == 1, by(Product) ///
>  stat(sum mean median sd min max count) columns(statistics) format(%9.2f)

Summary for variables: ProfitValueinMillion
     by categories of: Product (Product)

   Product |       sum      mean       p50        sd       min       max         N
-----------+----------------------------------------------------------------------
ContactSys |     22.95      3.82      4.16      1.03      2.56      5.11      6.00
    Finsys |    121.71      3.58      3.43      1.15      1.54      6.02     34.00
    GTMSys |    844.03      3.72      3.72      1.17      0.71      6.67    227.00
  LearnSys |    260.53      3.67      3.71      0.97      1.67      6.58     71.00
   Lifesys |    215.92      4.00      3.98      1.28      1.35      7.99     54.00
  Logissys |     82.40      4.12      4.11      1.13      2.39      6.17     20.00
   Procsys |    256.69      3.72      3.58      1.39      1.14      7.68     69.00
-----------+----------------------------------------------------------------------
     Total |   1804.23      3.75      3.74      1.18      0.71      7.99    481.00
----------------------------------------------------------------------------------

.  
.  
. * ==============================
. *Question 2
. * ==============================
.  
. preserve

. keep if SalesOutcome == 1   
(519 observations deleted)

. 
. collapse (sum) ProfitValueinMillion, by(Region Product)

. 
. separate ProfitValueinMillion, by(Product) veryshortlabel

              storage   display    value
variable name   type    format     label      variable label
-----------------------------------------------------------------------------------------------------------------------------------------------------------------------------
ProfitValuein~1 double  %9.0g                 ContactSys
ProfitValuein~2 double  %9.0g                 Finsys
ProfitValuein~3 double  %9.0g                 GTMSys
ProfitValuein~4 double  %9.0g                 LearnSys
ProfitValuein~5 double  %9.0g                 Lifesys
ProfitValuein~6 double  %9.0g                 Logissys
ProfitValuein~7 double  %9.0g                 Procsys

. local yvars `r(varlist)'      

. drop ProfitValueinMillion    

. 
. levelsof Product, local(plist)
`"ContactSys"' `"Finsys"' `"GTMSys"' `"LearnSys"' `"Lifesys"' `"Logissys"' `"Procsys"'

. local i = 1

. local legspec

. foreach p of local plist {
  2.     local legspec `legspec' label(`i' "`p'")
  3.     local ++i
  4. }

. 
. graph bar `yvars', over(Region, label(angle(45))) stack ///
>     ytitle("Total Profit (Value in Million)", margin(0 10 0 0)) ///
>     title("Total Profit by Market and Product") ///
>     ylabel(, format(%9.0fc) grid) ///
>     legend(rows(2) position(6) region(lstyle(none)) `legspec') ///
>     graphregion(color(white)) plotregion(margin(small))

. restore

. 
. 
. * ==============================
. *Question 3
. * ==============================
. misstable summarize
(variables nonmissing or string)

. 
. * Summary Stats by Sales
. tabstat SalesValueinMillion, by(Region) stat(mean median sd min max count) ///
> columns(statistics) format(%9.2f)

Summary for variables: SalesValueinMillion
     by categories of: Region (Region)

      Region |      mean       p50        sd       min       max         N
-------------+------------------------------------------------------------
      Africa |      7.82      7.69      1.89      4.02     13.18     93.00
    Americas |      7.76      7.69      1.89      3.07     12.28    104.00
      Canada |      8.19      8.30      1.27      6.87      9.43      6.00
       India |      8.19      8.00      2.31      3.75     14.23     35.00
       Japan |      8.90      8.83      2.01      5.24     12.34     16.00
Other Europe |      7.84      7.75      1.88      1.64     12.23    158.00
   Singapore |      8.20      7.90      2.18      4.56     12.59     23.00
       Spain |      7.96      7.61      2.02      4.30     11.45     12.00
          UK |      8.15      8.14      2.01      2.40     14.01    553.00
-------------+------------------------------------------------------------
       Total |      8.04      8.00      1.98      1.64     14.23   1000.00
--------------------------------------------------------------------------

. 
. * Summary Stats by Profit
. tabstat ProfitValueinMillion, by(Region) stat(mean median sd min max count) ///
> columns(statistics) format(%9.2f)

Summary for variables: ProfitValueinMillion
     by categories of: Region (Region)

      Region |      mean       p50        sd       min       max         N
-------------+------------------------------------------------------------
      Africa |      3.97      3.93      1.28      1.46      8.17     93.00
    Americas |      3.89      4.00      1.15      1.32      6.40    104.00
      Canada |      3.54      3.27      1.14      2.34      5.69      6.00
       India |      4.38      4.14      1.55      1.80      7.70     35.00
       Japan |      4.33      3.97      1.47      2.25      6.66     16.00
Other Europe |      3.95      3.73      1.29      0.71      7.56    158.00
   Singapore |      4.51      4.09      1.59      2.20      8.44     23.00
       Spain |      4.17      4.04      1.19      2.49      6.64     12.00
          UK |      4.12      4.02      1.30      1.14      8.54    553.00
-------------+------------------------------------------------------------
       Total |      4.08      3.97      1.30      0.71      8.54   1000.00
--------------------------------------------------------------------------

. 
. * Summary Stats by Sales, only successful deal included
. tabstat SalesValueinMillion if SalesOutcome == 1, by(Region) ///
>     stat(mean median sd min max count) columns(statistics) format(%9.2f)

Summary for variables: SalesValueinMillion
     by categories of: Region (Region)

      Region |      mean       p50        sd       min       max         N
-------------+------------------------------------------------------------
      Africa |      7.69      7.46      1.82      4.17     12.51     55.00
    Americas |      7.87      7.73      1.84      3.74     11.60     55.00
      Canada |      8.11      8.06      1.43      6.87      9.43      4.00
       India |      8.53      8.33      2.60      3.75     14.23     17.00
       Japan |      9.01      8.95      2.15      5.24     12.34     10.00
Other Europe |      7.76      7.88      2.07      1.64     12.23     66.00
   Singapore |      8.52      8.65      2.27      4.56     10.99      6.00
       Spain |      7.76      7.76         .      7.76      7.76      1.00
          UK |      8.24      8.30      1.99      2.40     14.01    267.00
-------------+------------------------------------------------------------
       Total |      8.10      8.07      1.99      1.64     14.23    481.00
--------------------------------------------------------------------------

. 
. * Summary Stats by Profit, only successful deal included
. tabstat ProfitValueinMillion if SalesOutcome == 1, by(Region) ///
> stat(mean median sd min max count) columns(statistics) format(%9.2f)

Summary for variables: ProfitValueinMillion
     by categories of: Region (Region)

      Region |      mean       p50        sd       min       max         N
-------------+------------------------------------------------------------
      Africa |      3.69      3.73      1.14      1.46      6.61     55.00
    Americas |      3.65      3.89      1.12      1.40      5.78     55.00
      Canada |      2.99      3.12      0.46      2.34      3.39      4.00
       India |      4.13      3.67      1.59      1.80      7.68     17.00
       Japan |      4.30      3.97      1.52      2.25      6.66     10.00
Other Europe |      3.53      3.39      1.18      0.71      7.37     66.00
   Singapore |      4.00      3.55      1.60      2.23      6.48      6.00
       Spain |      4.27      4.27         .      4.27      4.27      1.00
          UK |      3.80      3.80      1.15      1.14      7.99    267.00
-------------+------------------------------------------------------------
       Total |      3.75      3.74      1.18      0.71      7.99    481.00
--------------------------------------------------------------------------

. 
. * ==============================
. * Question 4
. * ==============================
. 
. * Sales Outcome by each Region
. tabstat SalesOutcome, by(Region) stat(mean count) ///
> columns(statistics) format(%9.2f)

Summary for variables: SalesOutcome
     by categories of: Region (Region)

      Region |      mean         N
-------------+--------------------
      Africa |      0.59     93.00
    Americas |      0.53    104.00
      Canada |      0.67      6.00
       India |      0.49     35.00
       Japan |      0.63     16.00
Other Europe |      0.42    158.00
   Singapore |      0.26     23.00
       Spain |      0.08     12.00
          UK |      0.48    553.00
-------------+--------------------
       Total |      0.48   1000.00
----------------------------------

. 
. 
. graph bar (mean) SalesOutcome, over(Region, label(angle(45))) ///
>     title("Probability of Conversion by Market") ///
>     ytitle("Conversion Rate") ///
>     blabel(bar, format(%4.2f))

.         
. *graph export "MFin604 Case 1 Conversion Probability.png", replace
. 
. 
. * ==============================
. * Question 5: Scatter Plot
. * ==============================
. 
. varmanage

. 
. * Summary Statistics for Profit of Customer
. summarize ProfitofCustomer SalesValue

    Variable |        Obs        Mean    Std. Dev.       Min        Max
-------------+---------------------------------------------------------
ProfitofCu~n |      1,000     1.02183    .5042948       -.56        2.6
SalesValue~n |      1,000      8.0442    1.982934       1.64      14.23

. 
. * Scatterplot of SalesValue (y-axis) against ProfitofCustomer (x-axis)
. twoway (scatter SalesValue ProfitofCustomer), ///
> xtitle("Customer profit(millions)") ytitle("Deal sales value(USD)")

. 
. * Pairwise Correlation between SalesValue and ProfitofCustomer
. pwcorr SalesValue ProfitofCustomer, sig

             | SalesV~n P~ofCu~n
-------------+------------------
SalesValue~n |   1.0000 
             |
             |
ProfitofCu~n |  -0.0103   1.0000 
             |   0.7439
             |

. 
. 
. * ==============================
. * Question 6: India vs UK analysis
. * ==============================
. 
. * Compare SalesValue between India and UK 
. ttest SalesValue if inlist(Region, "India", "UK"), by(Region) unequal

Two-sample t test with unequal variances
------------------------------------------------------------------------------
   Group |     Obs        Mean    Std. Err.   Std. Dev.   [95% Conf. Interval]
---------+--------------------------------------------------------------------
   India |      35    8.186857    .3903706    2.309464    7.393529    8.980186
      UK |     553     8.15387    .0855969    2.012894    7.985734    8.322005
---------+--------------------------------------------------------------------
combined |     588    8.155833     .083698    2.029569    7.991449    8.320217
---------+--------------------------------------------------------------------
    diff |            .0329873    .3996449               -.7765194     .842494
------------------------------------------------------------------------------
    diff = mean(India) - mean(UK)                                 t =   0.0825
Ho: diff = 0                     Satterthwaite's degrees of freedom =  37.3427

    Ha: diff < 0                 Ha: diff != 0                 Ha: diff > 0
 Pr(T < t) = 0.5327         Pr(|T| > |t|) = 0.9347          Pr(T > t) = 0.4673

. 
. * Compare For successful deals only
. ttest Profit if inlist(Region, "India", "UK") & SalesOutcome == 1, by(Region) unequal

Two-sample t test with unequal variances
------------------------------------------------------------------------------
   Group |     Obs        Mean    Std. Err.   Std. Dev.   [95% Conf. Interval]
---------+--------------------------------------------------------------------
   India |      17    48.64706    2.799608    11.54308    42.71216    54.58196
      UK |     267    46.22846    .5663574    9.254356    45.11335    47.34358
---------+--------------------------------------------------------------------
combined |     284    46.37324    .5577936    9.400105    45.27529    47.47119
---------+--------------------------------------------------------------------
    diff |            2.418594     2.85632               -3.598864    8.436053
------------------------------------------------------------------------------
    diff = mean(India) - mean(UK)                                 t =   0.8468
Ho: diff = 0                     Satterthwaite's degrees of freedom =  17.3346

    Ha: diff < 0                 Ha: diff != 0                 Ha: diff > 0
 Pr(T < t) = 0.7957         Pr(|T| > |t|) = 0.4087          Pr(T > t) = 0.2043

. 
. * Compare ProfitofCustomer between India and UK
. ttest ProfitofCustomer if inlist(Region, "India", "UK"), by(Region) unequal

Two-sample t test with unequal variances
------------------------------------------------------------------------------
   Group |     Obs        Mean    Std. Err.   Std. Dev.   [95% Conf. Interval]
---------+--------------------------------------------------------------------
   India |      35       1.082    .0779062    .4608994    .9236755    1.240324
      UK |     553    1.012007    .0219528    .5162407     .968886    1.055128
---------+--------------------------------------------------------------------
combined |     588    1.016173    .0211567    .5130234    .9746214    1.057726
---------+--------------------------------------------------------------------
    diff |            .0699928    .0809401                -.093645    .2336306
------------------------------------------------------------------------------
    diff = mean(India) - mean(UK)                                 t =   0.8647
Ho: diff = 0                     Satterthwaite's degrees of freedom =  39.5984

    Ha: diff < 0                 Ha: diff != 0                 Ha: diff > 0
 Pr(T < t) = 0.8038         Pr(|T| > |t|) = 0.3924          Pr(T > t) = 0.1962

. 
. * Compare SalesOutcome between India and UK
. ttest SalesOutcome if inlist(Region, "India", "UK"), by(Region) unequal

Two-sample t test with unequal variances
------------------------------------------------------------------------------
   Group |     Obs        Mean    Std. Err.   Std. Dev.   [95% Conf. Interval]
---------+--------------------------------------------------------------------
   India |      35    .4857143    .0857143    .5070926    .3115219    .6599067
      UK |     553     .482821    .0212688    .5001572    .4410432    .5245988
---------+--------------------------------------------------------------------
combined |     588    .4829932    .0206253    .5001362    .4424849    .5235015
---------+--------------------------------------------------------------------
    diff |            .0028933    .0883137               -.1758413     .181628
------------------------------------------------------------------------------
    diff = mean(India) - mean(UK)                                 t =   0.0328
Ho: diff = 0                     Satterthwaite's degrees of freedom =  38.3068

    Ha: diff < 0                 Ha: diff != 0                 Ha: diff > 0
 Pr(T < t) = 0.5130         Pr(|T| > |t|) = 0.9740          Pr(T > t) = 0.4870

. 
. * ==============================
. * Question 7: India vs UK analysis
. * ==============================
. 
. * Appendix 7.1 – Chi-square Test of Sales Outcome by Region
. tabulate Region SalesOutcome, chi2

             |     Sales Outcome
      Region |         0          1 |     Total
-------------+----------------------+----------
      Africa |        38         55 |        93 
    Americas |        49         55 |       104 
      Canada |         2          4 |         6 
       India |        18         17 |        35 
       Japan |         6         10 |        16 
Other Europe |        92         66 |       158 
   Singapore |        17          6 |        23 
       Spain |        11          1 |        12 
          UK |       286        267 |       553 
-------------+----------------------+----------
       Total |       519        481 |     1,000 

          Pearson chi2(8) =  22.2626   Pr = 0.004

. 
. * Appendix 7.2 – ANOVA Test of Sales Value across Regions
. oneway SalesValueinMillion Region, tabulate

            |  Summary of Sales Value in Million
     Region |        Mean   Std. Dev.       Freq.
------------+------------------------------------
     Africa |   7.8188172   1.8945533          93
   Americas |   7.7584615   1.8853378         104
     Canada |       8.185   1.2747353           6
      India |   8.1868571   2.3094636          35
      Japan |    8.900625   2.0140356          16
Other Eur.. |   7.8414557   1.8813211         158
  Singapore |   8.1969565   2.1818412          23
      Spain |   7.9616667   2.0210476          12
         UK |   8.1538698   2.0128937         553
------------+------------------------------------
      Total |      8.0442   1.9829336       1,000

                        Analysis of Variance
    Source              SS         df      MS            F     Prob > F
------------------------------------------------------------------------
Between groups      39.5463008      8    4.9432876      1.26     0.2610
 Within groups      3888.54746    991   3.92386222
------------------------------------------------------------------------
    Total           3928.09376    999   3.93202579

Bartlett's test for equal variances:  chi2(8) =   5.5430  Prob>chi2 = 0.698

. 
. * Appendix 7.3 – Summary of Sales Conversion, Value, and Sample Size by Region
. preserve

. collapse (mean) Conversion = SalesOutcome SalesValue (count) N = SalesOutcome, by(Region)

. gsort -Conversion

. list Region Conversion SalesValue N, noobs

  +--------------------------------------------+
  |       Region   Convers~n   SalesVa~n     N |
  |--------------------------------------------|
  |       Canada   .66666669       8.185     6 |
  |        Japan        .625    8.900625    16 |
  |       Africa   .59139782   7.8188172    93 |
  |     Americas   .52884614   7.7584615   104 |
  |        India   .48571429   8.1868571    35 |
  |--------------------------------------------|
  |           UK   .48282099   8.1538698   553 |
  | Other Europe   .41772151   7.8414557   158 |
  |    Singapore   .26086956   8.1969565    23 |
  |        Spain   .08333334   7.9616667    12 |
  +--------------------------------------------+

. restore

. 
. * Appendix 7.4 – Chi-square Test of Independence between Product and Sales Outcome
. tabulate Product SalesOutcome, chi2

           |     Sales Outcome
   Product |         0          1 |     Total
-----------+----------------------+----------
ContactSys |        14          6 |        20 
    Finsys |        83         34 |       117 
    GTMSys |       236        227 |       463 
  LearnSys |        55         71 |       126 
   Lifesys |        58         54 |       112 
  Logissys |         9         20 |        29 
   Procsys |        64         69 |       133 
-----------+----------------------+----------
     Total |       519        481 |     1,000 

          Pearson chi2(6) =  29.0292   Pr = 0.000

. 
. * Appendix 7.5 – Win Rates by Product and Region
. preserve

. gen strL prod_region = Product + "_" + Region

. collapse (sum) wins=SalesOutcome (count) total=SalesOutcome, by(prod_region)

. gen winrate = wins/total

. list prod_region wins total winrate, sep(0)

     +------------------------------------------------+
     |          prod_region   wins   total    winrate |
     |------------------------------------------------|
  1. |        ContactSys_UK      6      20         .3 |
  2. |  Finsys_Other Europe     15      38   .3947369 |
  3. |            Finsys_UK     19      79   .2405063 |
  4. |        GTMSys_Africa     38      62   .6129032 |
  5. |      GTMSys_Americas     50      91   .5494506 |
  6. |         GTMSys_Japan      3       9   .3333333 |
  7. |  GTMSys_Other Europe     28      56         .5 |
  8. |     GTMSys_Singapore      6      23   .2608696 |
  9. |         GTMSys_Spain      1      12   .0833333 |
 10. |            GTMSys_UK    101     210   .4809524 |
 11. |      LearnSys_Africa     17      31   .5483871 |
 12. |          LearnSys_UK     54      95   .5684211 |
 13. |       Lifesys_Canada      1       1          1 |
 14. | Lifesys_Other Europe     23      64    .359375 |
 15. |           Lifesys_UK     30      47   .6382979 |
 16. |          Logissys_UK     20      29   .6896552 |
 17. |     Procsys_Americas      5      13   .3846154 |
 18. |       Procsys_Canada      3       5         .6 |
 19. |        Procsys_India     17      35   .4857143 |
 20. |        Procsys_Japan      7       7          1 |
 21. |           Procsys_UK     37      73   .5068493 |
     +------------------------------------------------+

. restore

. 
. * Appendix 8.1 - Z-test of conversion rate
. gen wses_gt50 = WSESProportioninJointBid > 50

. label define gt50 0 "WSES ≤ 50%" 1 "WSES > 50%"

. label values wses_gt50 gt50

. set linesize 120

. prtest SalesOutcome, by(wses_gt50)

Two-sample test of proportions            WSES ≤ 50%: Number of obs =      169
                                          WSES > 50%: Number of obs =      831
------------------------------------------------------------------------------
       Group |       Mean   Std. Err.      z    P>|z|     [95% Conf. Interval]
-------------+----------------------------------------------------------------
  WSES ≤ 50% |   .3964497   .0376277                      .3227008    .4701986
  WSES > 50% |   .4981949   .0173447                         .4642    .5321899
-------------+----------------------------------------------------------------
        diff |  -.1017452   .0414328                     -.1829521   -.0205384
             |  under Ho:   .0421611    -2.41   0.016
------------------------------------------------------------------------------
        diff = prop(WSES ≤ 50%) - prop(WSES > 50%)                z =  -2.4132
    Ho: diff = 0

    Ha: diff < 0                 Ha: diff != 0                 Ha: diff > 0
 Pr(Z < z) = 0.0079         Pr(|Z| > |z|) = 0.0158          Pr(Z > z) = 0.9921

. 
. log close
      name:  <unnamed>
       log:  C:\Users\User\Downloads\MFin604_Case_1 Group 4.log
  log type:  text
 closed on:  16 Oct 2025, 19:44:35
------------------------------------------------------------------------------------------------------------------------
